// Vitest Snapshot v1

exports[`Todo Item Component > shoul render 1`] = `
"<div class=\\"w-full flex items-center px-4\\"><label for=\\"taskCheck\\" class=\\"relative w-6 h-6 flex items-center justify-center text-white border border-neutral-500 rounded\\"><input id=\\"1\\" type=\\"checkbox\\" class=\\"absolute w-full h-full opacity-0 peer\\"><svg xmlns=\\"http://www.w3.org/2000/svg\\" width=\\"24\\" height=\\"24\\" viewBox=\\"0 0 24 24\\" fill=\\"none\\" stroke=\\"currentColor\\" stroke-width=\\"2\\" stroke-linecap=\\"round\\" stroke-linejoin=\\"round\\" class=\\"feather feather-check w-4 opacity-0 peer-checked:opacity-100\\">
      <polyline points=\\"20 6 9 17 4 12\\"></polyline>
    </svg></label>
  <p class=\\"ml-2 mr-auto text-neutral-300\\">Simple Task</p><button class=\\"text-neutral-300 rounded flex gap-1 px-3 py-2 bg-neutral-800 hover:bg-neutral-700\\"><svg xmlns=\\"http://www.w3.org/2000/svg\\" width=\\"24\\" height=\\"24\\" viewBox=\\"0 0 24 24\\" fill=\\"none\\" stroke=\\"currentColor\\" stroke-width=\\"2\\" stroke-linecap=\\"round\\" stroke-linejoin=\\"round\\" class=\\"feather feather-x w-5\\">
      <line x1=\\"18\\" y1=\\"6\\" x2=\\"6\\" y2=\\"18\\"></line>
      <line x1=\\"6\\" y1=\\"6\\" x2=\\"18\\" y2=\\"18\\"></line>
    </svg> </button>
</div>"
`;
