// Vitest Snapshot v1

exports[`Todo Input Component > should render 1`] = `
"<div class=\\"flex flex-col\\">
  <!--v-if--><input type=\\"text\\" placeholder=\\"\\" class=\\"w-full bg-neutral-800 border border-neutral-700 hover:border-neutral-500 focus:border-neutral-500 focus:ring-4 focus:ring-neutral-600/50 text-neutral-300 px-3 py-2 outline-none rounded\\">
</div>"
`;
